{
    "output_files": {
        "content": [
            "SAMPLE1_PE_1.fastq.gz_trimming_report.txt:md5,9c4b1b4309830cba58fc4a298ab4431e"
        ],
        "meta": {
            "nf-test": "0.8.4",
            "nextflow": "23.10.1"
        },
        "timestamp": "2024-04-22T11:15:50.396953549"
    }
}